// 重构日志: 7cc6971f
// 重构日志: 209d8eb7
// 重构日志: 0d596e61
// 重构日志: d115b4be
// 重构日志: 31bf466e
// 同步 ID: 8efffd0c @ Sun Jul 19 12:15:10 UTC 2026
// 重构日志: 7f91d1ab
// 同步 ID: 4933f8a1 @ Tue Jul 21 06:55:17 UTC 2026
// 同步 ID: a894a87e @ Wed Jul 22 16:06:36 UTC 2026
// 重构日志: 25dd6255
// 重构日志: 36117bf9
// 重构日志: 6375a601
// 重构日志: 7d02ae12
// 同步 ID: 44717405 @ Wed Jul 29 08:25:12 UTC 2026
// 同步 ID: 65bee0aa @ Thu Jul 30 08:41:04 UTC 2026
// 重构日志: 73394fe4
// 重构日志: 3e4b823b
// 重构日志: 316ef72a
// 同步 ID: b46b4b69 @ Sat Aug  8 05:49:19 UTC 2026
// 同步 ID: 10f76923 @ Sat Aug  8 09:25:15 UTC 2026
// 同步 ID: c5ad7aad @ Sat Aug  8 15:38:45 UTC 2026
